int i;
int j;
int newvar;
int superpower;
float f;
String s;

void temp()
{
a = 123;
b = 321;
f = 1.21;
s = "anc";
}

int main()
{
int a;
int b;
int c;
a = 1;
b = 2;
c = 3;
temp();
}
